// Jest Snapshot v1, https://goo.gl/fbAQLP

exports[`<SectionContainer/> should render SectionContainer with default values 1`] = `
.c0 {
  max-width: 120rem;
  padding: 2.4rem;
  width: 100%;
  margin: 0 auto;
}

<div>
  <div
    class="c0"
  >
    <h1>
      hello world
    </h1>
  </div>
</div>
`;
