// Jest Snapshot v1, https://goo.gl/fbAQLP

exports[`<GridText/> should render GridText with default values 1`] = `
.c3 {
  color: #333333;
  font-size: font-size:3.2rem;
  font-weight: 900;
  text-transform: uppercase;
  font-size: 3.2rem;
}

.c8 {
  color: #333333;
  font-size: font-size:1.6rem;
  font-weight: 900;
  text-transform: none;
  font-size: 1.6rem;
}

.c5 {
  font-size: 1.6rem;
}

.c1 .c4 {
  margin-bottom: 6.2rem;
}

.c6 {
  counter-reset: element-counter;
  display: grid;
  grid-template-columns: repeat(auto-fit,minmax(280px,1fr));
  overflow: hidden;
  width: 100%;
}

.c7 {
  padding: 1.6rem;
}

.c7 .c2 {
  position: relative;
  left: 5rem;
}

.c7 .c2::before {
  counter-increment: element-counter;
  content: counter(element-counter);
  position: absolute;
  top: -3rem;
  left: -5rem;
  font-size: 4.8rem;
  -webkit-transform: rotate(5deg);
  -ms-transform: rotate(5deg);
  transform: rotate(5deg);
}

.c0 {
  background: #F2F2F2;
  min-height: 100vh;
  display: -webkit-box;
  display: -webkit-flex;
  display: -ms-flexbox;
  display: flex;
  -webkit-box-pack: right;
  -webkit-justify-content: right;
  -ms-flex-pack: right;
  justify-content: right;
}

@media (max-width:768px) {
  .c6 {
    grid-template-columns: 1fr;
  }
}

<div>
  <div
    class="c0"
  >
    <div
      class="c1"
    >
      <h2
        class="c2 c3"
        font-size="large"
      >
        meu
      </h2>
      <p
        class="c4 c5"
      >
        description
      </p>
      <div
        class="c6"
      >
        <div
          class="c7"
        >
          <h3
            class="c2 c8"
            font-size="base"
          >
            Title 1
          </h3>
          <p
            class="c4 c5"
          >
            Dolore magna aliqua. Faucibus interdum posuere lorem ipsum dolor. Libero volutpat sed cras ornare arcu dui vivamus arcu felis. Auctor augue mauris augue neque gravida in. Est placerat in egestas erat imperdiet. Habitant morbi tristique senectus et netus. Congue nisi vitae suscipit tellus mauris. Luctus venenatis lectus magna fringilla urna porttitor rhoncus dolor. Scelerisque felis imperdiet proin fermentum leo vel orci. Pellentesque sit amet porttitor eget dolor morbi. Semper risus in hendrerit gravida rutrum quisque non.
          </p>
        </div>
        <div
          class="c7"
        >
          <h3
            class="c2 c8"
            font-size="base"
          >
            Title 2
          </h3>
          <p
            class="c4 c5"
          >
            Amet risus nullam eget felis eget nunc. Sed euismod nisi porta lorem mollis aliquam ut porttitor. Vel facilisis volutpat est velit egestas dui id. In nibh mauris cursus mattis molestie a iaculis at. Cras adipiscing enim eu turpis egestas pretium. Interdum varius sit amet mattis vulputate enim nulla aliquet porttitor.
          </p>
        </div>
        <div
          class="c7"
        >
          <h3
            class="c2 c8"
            font-size="base"
          >
            Title 3
          </h3>
          <p
            class="c4 c5"
          >
            Pellentesque diam volutpat commodo sed egestas egestas fringilla phasellus faucibus. Massa tincidunt nunc pulvinar sapien et ligula ullamcorper. Augue mauris augue neque gravida in fermentum et. Dolor sed viverra ipsum nunc aliquet. Dignissim cras tincidunt lobortis feugiat vivamus at augue eget arcu. Amet nulla facilisi morbi tempus iaculis urna id. 
          </p>
        </div>
      </div>
    </div>
  </div>
</div>
`;

exports[`<GridText/> should render GridText without background 1`] = `
.c3 {
  color: #333333;
  font-size: font-size:3.2rem;
  font-weight: 900;
  text-transform: uppercase;
  font-size: 3.2rem;
}

.c8 {
  color: #333333;
  font-size: font-size:1.6rem;
  font-weight: 900;
  text-transform: none;
  font-size: 1.6rem;
}

.c5 {
  font-size: 1.6rem;
}

.c1 .c4 {
  margin-bottom: 6.2rem;
}

.c6 {
  counter-reset: element-counter;
  display: grid;
  grid-template-columns: repeat(auto-fit,minmax(280px,1fr));
  overflow: hidden;
  width: 100%;
}

.c7 {
  padding: 1.6rem;
}

.c7 .c2 {
  position: relative;
  left: 5rem;
}

.c7 .c2::before {
  counter-increment: element-counter;
  content: counter(element-counter);
  position: absolute;
  top: -3rem;
  left: -5rem;
  font-size: 4.8rem;
  -webkit-transform: rotate(5deg);
  -ms-transform: rotate(5deg);
  transform: rotate(5deg);
}

.c0 {
  background: #F2F2F2;
  min-height: 100vh;
  display: -webkit-box;
  display: -webkit-flex;
  display: -ms-flexbox;
  display: flex;
  -webkit-box-pack: right;
  -webkit-justify-content: right;
  -ms-flex-pack: right;
  justify-content: right;
}

@media (max-width:768px) {
  .c6 {
    grid-template-columns: 1fr;
  }
}

<div>
  <div
    class="c0"
  >
    <div
      class="c1"
    >
      <h2
        class="c2 c3"
        font-size="large"
      >
        meu
      </h2>
      <p
        class="c4 c5"
      >
        description
      </p>
      <div
        class="c6"
      >
        <div
          class="c7"
        >
          <h3
            class="c2 c8"
            font-size="base"
          >
            Title 1
          </h3>
          <p
            class="c4 c5"
          >
            Dolore magna aliqua. Faucibus interdum posuere lorem ipsum dolor. Libero volutpat sed cras ornare arcu dui vivamus arcu felis. Auctor augue mauris augue neque gravida in. Est placerat in egestas erat imperdiet. Habitant morbi tristique senectus et netus. Congue nisi vitae suscipit tellus mauris. Luctus venenatis lectus magna fringilla urna porttitor rhoncus dolor. Scelerisque felis imperdiet proin fermentum leo vel orci. Pellentesque sit amet porttitor eget dolor morbi. Semper risus in hendrerit gravida rutrum quisque non.
          </p>
        </div>
        <div
          class="c7"
        >
          <h3
            class="c2 c8"
            font-size="base"
          >
            Title 2
          </h3>
          <p
            class="c4 c5"
          >
            Amet risus nullam eget felis eget nunc. Sed euismod nisi porta lorem mollis aliquam ut porttitor. Vel facilisis volutpat est velit egestas dui id. In nibh mauris cursus mattis molestie a iaculis at. Cras adipiscing enim eu turpis egestas pretium. Interdum varius sit amet mattis vulputate enim nulla aliquet porttitor.
          </p>
        </div>
        <div
          class="c7"
        >
          <h3
            class="c2 c8"
            font-size="base"
          >
            Title 3
          </h3>
          <p
            class="c4 c5"
          >
            Pellentesque diam volutpat commodo sed egestas egestas fringilla phasellus faucibus. Massa tincidunt nunc pulvinar sapien et ligula ullamcorper. Augue mauris augue neque gravida in fermentum et. Dolor sed viverra ipsum nunc aliquet. Dignissim cras tincidunt lobortis feugiat vivamus at augue eget arcu. Amet nulla facilisi morbi tempus iaculis urna id. 
          </p>
        </div>
      </div>
    </div>
  </div>
</div>
`;
