// Jest Snapshot v1, https://goo.gl/fbAQLP

exports[`<Grid/> should render Grid with default values 1`] = `
.c4 {
  color: #333333;
  font-size: 6.2rem;
  font-weight: 900;
  text-transform: none;
}

.c1 {
  padding: 0.8rem;
  display: grid;
  grid-template-columns: 1fr 2fr;
  -webkit-align-items: center;
  -webkit-box-align: center;
  -ms-flex-align: center;
  align-items: center;
  gap: 3.2rem;
}

.c1 .c3 {
  margin-bottom: 4.0rem;
}

.c2 {
  display: -webkit-box;
  display: -webkit-flex;
  display: -ms-flexbox;
  display: flex;
  -webkit-flex-direction: column;
  -ms-flex-direction: column;
  flex-direction: column;
}

.c6 {
  width: 100%;
}

.c0 {
  background: #F2F2F2;
  color: #333333;
  -webkit-transition: background 300ms ease-in;
  transition: background 300ms ease-in;
  min-height: 100vh;
  -webkit-align-items: center;
  -webkit-box-align: center;
  -ms-flex-align: center;
  align-items: center;
}

.c5 {
  font-size: 1.6rem;
}

@media (max-width:768px) {
  .c4 {
    font-size: 4.0rem;
  }
}

@media (max-width:768px) {
  .c1 {
    grid-template-columns: 1fr;
    text-align: center;
  }
}

<div>
  <div
    class="c0"
  >
    <div
      class="c1"
    >
      <div
        class="c2"
      >
        <h1
          class="c3 c4"
          font-size="xhuge"
        >
          Grid
        </h1>
        <p
          class="c5"
        >
          Lorem ipsum dolor sit amet, consectetur adipiscing elit. 
    Sed hendrerit quam non turpis fringilla, id varius odio aliquet. 
    Curabitur posuere odio et purus consectetur, vel molestie mauris pulvinar. 
    Morbi id lectus id velit suscipit consequat sit amet eget mauris. Nam nec ex ac nunc mattis malesuada. 
    Pellentesque eu libero vitae risus facilisis imperdiet sed sit amet velit.
        </p>
      </div>
      <div
        class=""
      >
        <img
          alt="Grid"
          class="c6"
          src="https://www.svgrepo.com/show/476982/bridge.svg"
        />
      </div>
    </div>
  </div>
</div>
`;
